docker : time="2026-03-
11T02:43:59+07:00" 
level=warning msg="The 
\"WWWUSER\" variable 
is not set. Defaulting 
to a blank string."
At line:1 char:1
+ docker compose build 
--no-cache 
laravel.test 2> 
error_log.txt
+ ~~~~~~~~~~~~~~~~~~~~~
~~~~~~~~~~~~~~~~~~~~~~~
~~~~~~~~~~~~~~~~~
    + CategoryInfo     
         : NotSpecifi  
  ed: (time="2026-03   
 -1... blank string    
.":String) [], Rem    
oteException
    + FullyQualifiedEr 
   rorId : NativeComm  
  andError
 
time="2026-03-11T02:43:
59+07:00" 
level=warning msg="The 
\"WWWGROUP\" variable 
is not set. Defaulting 
to a blank string."
[?25l[0G[+] build 0/1
 [33m-[0m Image s... 
Building [34m67.7s[0m
[?25hfailed to solve: 
image 
"sail-8.4/app:latest": 
already exists

